⚠ [2032/2058] Replayed ShannonBounds.Layered
warning: ShannonBounds/Layered.lean:58:0: automatically included section variable(s) unused in theorem `ShannonBounds.card_wordSet`:
  [Fintype V]
  [DecidableEq V]
consider restructuring your `variable` declarations so that the variables are not in scope or explicitly omit them:
  omit [Fintype V] [DecidableEq V] in theorem ...

Note: This linter can be disabled with `set_option linter.unusedSectionVars false`
warning: ShannonBounds/Layered.lean:64:0: automatically included section variable(s) unused in theorem `ShannonBounds.isIndepSet_wordSet`:
  [Fintype V]
  [DecidableEq V]
consider restructuring your `variable` declarations so that the variables are not in scope or explicitly omit them:
  omit [Fintype V] [DecidableEq V] in theorem ...

Note: This linter can be disabled with `set_option linter.unusedSectionVars false`
warning: ShannonBounds/Layered.lean:76:0: automatically included section variable(s) unused in theorem `ShannonBounds.sep_wordSet`:
  [Fintype V]
consider restructuring your `variable` declarations so that the variables are not in scope or explicitly omit them:
  omit [Fintype V] in theorem ...

Note: This linter can be disabled with `set_option linter.unusedSectionVars false`
warning: ShannonBounds/Layered.lean:103:0: automatically included section variable(s) unused in theorem `ShannonBounds.card_substSet`:
  [DecidableEq A]
consider restructuring your `variable` declarations so that the variables are not in scope or explicitly omit them:
  omit [DecidableEq A] in theorem ...

Note: This linter can be disabled with `set_option linter.unusedSectionVars false`
warning: ShannonBounds/Layered.lean:230:8: automatically included section variable(s) unused in theorem `ShannonBounds.Realisation.w_mapIso`:
  [Fintype V]
  [DecidableEq V]
  [DecidableEq A]
consider restructuring your `variable` declarations so that the variables are not in scope or explicitly omit them:
  omit [Fintype V] [DecidableEq V] [DecidableEq A] in theorem ...

Note: This linter can be disabled with `set_option linter.unusedSectionVars false`
warning: ShannonBounds/Layered.lean:261:0: automatically included section variable(s) unused in theorem `ShannonBounds.card_multiWordSet`:
  [Fintype V]
consider restructuring your `variable` declarations so that the variables are not in scope or explicitly omit them:
  omit [Fintype V] in theorem ...

Note: This linter can be disabled with `set_option linter.unusedSectionVars false`
warning: ShannonBounds/Layered.lean:268:0: automatically included section variable(s) unused in theorem `ShannonBounds.isIndepSet_multiWordSet`:
  [Fintype V]
consider restructuring your `variable` declarations so that the variables are not in scope or explicitly omit them:
  omit [Fintype V] in theorem ...

Note: This linter can be disabled with `set_option linter.unusedSectionVars false`
warning: ShannonBounds/Layered.lean:280:0: automatically included section variable(s) unused in theorem `ShannonBounds.sep_multiWordSet`:
  [Fintype V]
consider restructuring your `variable` declarations so that the variables are not in scope or explicitly omit them:
  omit [Fintype V] in theorem ...

Note: This linter can be disabled with `set_option linter.unusedSectionVars false`
warning: ShannonBounds/Layered.lean:298:0: automatically included section variable(s) unused in theorem `ShannonBounds.card_multiSubstSet`:
  [DecidableEq A]
consider restructuring your `variable` declarations so that the variables are not in scope or explicitly omit them:
  omit [DecidableEq A] in theorem ...

Note: This linter can be disabled with `set_option linter.unusedSectionVars false`
warning: ShannonBounds/Layered.lean:390:0: automatically included section variable(s) unused in theorem `ShannonBounds.card_codeSet`:
  [DecidableEq A]
consider restructuring your `variable` declarations so that the variables are not in scope or explicitly omit them:
  omit [DecidableEq A] in theorem ...

Note: This linter can be disabled with `set_option linter.unusedSectionVars false`
warning: ShannonBounds/Layered.lean:425:0: automatically included section variable(s) unused in theorem `ShannonBounds.card_multiCodeSet`:
  [DecidableEq A]
consider restructuring your `variable` declarations so that the variables are not in scope or explicitly omit them:
  omit [DecidableEq A] in theorem ...

Note: This linter can be disabled with `set_option linter.unusedSectionVars false`
warning: ShannonBounds/Layered.lean:520:0: automatically included section variable(s) unused in theorem `ShannonBounds.isIndepSet_image_symm`:
  [Fintype V]
  [DecidableRel G.Adj]
consider restructuring your `variable` declarations so that the variables are not in scope or explicitly omit them:
  omit [Fintype V] [DecidableRel G.Adj] in theorem ...

Note: This linter can be disabled with `set_option linter.unusedSectionVars false`
⚠ [2033/2058] Replayed ShannonBounds.PortRealisation
warning: ShannonBounds/PortRealisation.lean:72:0: automatically included section variable(s) unused in theorem `ShannonBounds.RichPortSystem.isIndepSet_image_ep`:
  [Fintype α]
consider restructuring your `variable` declarations so that the variables are not in scope or explicitly omit them:
  omit [Fintype α] in theorem ...

Note: This linter can be disabled with `set_option linter.unusedSectionVars false`
warning: ShannonBounds/PortRealisation.lean:95:0: automatically included section variable(s) unused in theorem `ShannonBounds.RichPortSystem.sep_symm_of`:
  [Fintype α]
  [DecidableEq α]
consider restructuring your `variable` declarations so that the variables are not in scope or explicitly omit them:
  omit [Fintype α] [DecidableEq α] in theorem ...

Note: This linter can be disabled with `set_option linter.unusedSectionVars false`
warning: ShannonBounds/PortRealisation.lean:99:0: automatically included section variable(s) unused in theorem `ShannonBounds.RichPortSystem.sep_core_ports`:
  [Fintype α]
consider restructuring your `variable` declarations so that the variables are not in scope or explicitly omit them:
  omit [Fintype α] in theorem ...

Note: This linter can be disabled with `set_option linter.unusedSectionVars false`
warning: ShannonBounds/PortRealisation.lean:106:0: automatically included section variable(s) unused in theorem `ShannonBounds.RichPortSystem.sep_core_transversal`:
  [Fintype α]
consider restructuring your `variable` declarations so that the variables are not in scope or explicitly omit them:
  omit [Fintype α] in theorem ...

Note: This linter can be disabled with `set_option linter.unusedSectionVars false`
warning: ShannonBounds/PortRealisation.lean:115:0: automatically included section variable(s) unused in theorem `ShannonBounds.RichPortSystem.sep_neutral_footprint`:
  [Fintype α]
consider restructuring your `variable` declarations so that the variables are not in scope or explicitly omit them:
  omit [Fintype α] in theorem ...

Note: This linter can be disabled with `set_option linter.unusedSectionVars false`
warning: ShannonBounds/PortRealisation.lean:125:0: automatically included section variable(s) unused in theorem `ShannonBounds.RichPortSystem.sep_neutral_ports`:
  [Fintype α]
consider restructuring your `variable` declarations so that the variables are not in scope or explicitly omit them:
  omit [Fintype α] in theorem ...

Note: This linter can be disabled with `set_option linter.unusedSectionVars false`
warning: ShannonBounds/PortRealisation.lean:129:0: automatically included section variable(s) unused in theorem `ShannonBounds.RichPortSystem.sep_neutral_transversal`:
  [Fintype α]
consider restructuring your `variable` declarations so that the variables are not in scope or explicitly omit them:
  omit [Fintype α] in theorem ...

Note: This linter can be disabled with `set_option linter.unusedSectionVars false`
warning: ShannonBounds/PortRealisation.lean:137:0: automatically included section variable(s) unused in theorem `ShannonBounds.RichPortSystem.sep_footprints`:
  [Fintype α]
consider restructuring your `variable` declarations so that the variables are not in scope or explicitly omit them:
  omit [Fintype α] in theorem ...

Note: This linter can be disabled with `set_option linter.unusedSectionVars false`
warning: ShannonBounds/PortRealisation.lean:145:0: automatically included section variable(s) unused in theorem `ShannonBounds.RichPortSystem.sep_footprint_other_transversal`:
  [Fintype α]
consider restructuring your `variable` declarations so that the variables are not in scope or explicitly omit them:
  omit [Fintype α] in theorem ...

Note: This linter can be disabled with `set_option linter.unusedSectionVars false`
warning: ShannonBounds/PortRealisation.lean:186:0: automatically included section variable(s) unused in theorem `ShannonBounds.RichPortSystem.ep_injOn`:
  [Fintype α]
consider restructuring your `variable` declarations so that the variables are not in scope or explicitly omit them:
  omit [Fintype α] in theorem ...

Note: This linter can be disabled with `set_option linter.unusedSectionVars false`
warning: ShannonBounds/PortRealisation.lean:191:8: automatically included section variable(s) unused in theorem `ShannonBounds.RichPortSystem.card_fam_O`:
  [Fintype α]
consider restructuring your `variable` declarations so that the variables are not in scope or explicitly omit them:
  omit [Fintype α] in theorem ...

Note: This linter can be disabled with `set_option linter.unusedSectionVars false`
warning: ShannonBounds/PortRealisation.lean:199:8: automatically included section variable(s) unused in theorem `ShannonBounds.RichPortSystem.card_fam_B`:
  [Fintype α]
consider restructuring your `variable` declarations so that the variables are not in scope or explicitly omit them:
  omit [Fintype α] in theorem ...

Note: This linter can be disabled with `set_option linter.unusedSectionVars false`
warning: ShannonBounds/PortRealisation.lean:203:8: automatically included section variable(s) unused in theorem `ShannonBounds.RichPortSystem.card_fam_N`:
  [Fintype α]
consider restructuring your `variable` declarations so that the variables are not in scope or explicitly omit them:
  omit [Fintype α] in theorem ...

Note: This linter can be disabled with `set_option linter.unusedSectionVars false`
⚠ [2034/2058] Replayed ShannonBounds.Reindex
warning: ShannonBounds/Reindex.lean:40:8: automatically included section variable(s) unused in theorem `ShannonBounds.Realisation.w_reindex`:
  [Fintype V]
  [DecidableEq V]
consider restructuring your `variable` declarations so that the variables are not in scope or explicitly omit them:
  omit [Fintype V] [DecidableEq V] in theorem ...

Note: This linter can be disabled with `set_option linter.unusedSectionVars false`
✔ [2057/2058] Built ShannonBounds.CertC19c (1.9s)
ℹ [2058/2058] Built ShannonBounds.CapCertC19c (1.1s)
info: ShannonBounds/CapCertC19c.lean:92:0: 'ShannonBounds.CertC19c.bound' depends on axioms: [propext,
 Classical.choice,
 Quot.sound,
 ShannonBounds.CertC19c.stepM._native.native_decide.ax_1_1,
 ShannonBounds.Substitutions.S3a._native.native_decide.ax_1,
 ShannonBounds.Substitutions.S3a._native.native_decide.ax_2,
 ShannonBounds.Substitutions.S3e._native.native_decide.ax_1,
 ShannonBounds.Substitutions.S3e._native.native_decide.ax_2,
 ShannonBounds.Substitutions.S3f._native.native_decide.ax_1,
 ShannonBounds.Substitutions.S3f._native.native_decide.ax_2,
 ShannonBounds.Substitutions.S3g._native.native_decide.ax_1,
 ShannonBounds.Substitutions.S3g._native.native_decide.ax_2,
 ShannonBounds.TerminalCodes.K4b._native.native_decide.ax_1]
info: ShannonBounds/CapCertC19c.lean:93:0: 'ShannonBounds.CapCertC19c.shannonCapacity_cycleGraph_19_ge' depends on axioms: [propext,
 Classical.choice,
 Quot.sound,
 ShannonBounds.BaseC19.IboundCheck._native.native_decide.ax_1_1,
 ShannonBounds.BaseC19.IlenCheck._native.native_decide.ax_1_1,
 ShannonBounds.BaseC19.InbrCheck._native.native_decide.ax_1_1,
 ShannonBounds.BaseC19.IsortCheck._native.native_decide.ax_1_1,
 ShannonBounds.BaseC19.IsubCheck._native.native_decide.ax_1_1,
 ShannonBounds.BaseC19.XboundCheck._native.native_decide.ax_1_1,
 ShannonBounds.BaseC19.XcFalseLenCheck._native.native_decide.ax_1_1,
 ShannonBounds.BaseC19.XcTrueLenCheck._native.native_decide.ax_1_1,
 ShannonBounds.BaseC19.XlenCheck._native.native_decide.ax_1_1,
 ShannonBounds.BaseC19.XnbrCheck._native.native_decide.ax_1_1,
 ShannonBounds.BaseC19.XsortCheck._native.native_decide.ax_1_1,
 ShannonBounds.BaseC19.XsubCheck._native.native_decide.ax_1_1,
 ShannonBounds.BaseC19.altInjCheck._native.native_decide.ax_1_1,
 ShannonBounds.BaseC19.altNotCheck._native.native_decide.ax_1_1,
 ShannonBounds.BaseC19.bepBoundCheck._native.native_decide.ax_1_1,
 ShannonBounds.BaseC19.epConflictCheck._native.native_decide.ax_1_1,
 ShannonBounds.BaseC19.epParentCheck._native.native_decide.ax_1_1,
 ShannonBounds.BaseC19.pFalseCheck._native.native_decide.ax_1_1,
 ShannonBounds.BaseC19.pTrueCheck._native.native_decide.ax_1_1,
 ShannonBounds.BaseC19.portsBoundCheck._native.native_decide.ax_1_1,
 ShannonBounds.BaseC19.portsCheck._native.native_decide.ax_1_1,
 ShannonBounds.BaseC19.portsLenCheck._native.native_decide.ax_1_1,
 ShannonBounds.BaseC19.portsNodupCheck._native.native_decide.ax_1_1,
 ShannonBounds.BaseC19.privCheck._native.native_decide.ax_1_1,
 ShannonBounds.BaseC19.sconf_cases._native.native_decide.ax_1_1,
 ShannonBounds.BaseC19.sconf_iff_conflict._native.native_decide.ax_1_1,
 ShannonBounds.BaseC19.sconf_refl._native.native_decide.ax_1_1,
 ShannonBounds.BaseC19.sconf_symm._native.native_decide.ax_1_1,
 ShannonBounds.BaseC19.sepCheck._native.native_decide.ax_1_1,
 ShannonBounds.CapCertC19c.shannonCapacity_cycleGraph_19_ge._native.native_decide.ax_1_1,
 ShannonBounds.CertC19c.stepM._native.native_decide.ax_1_1,
 ShannonBounds.Substitutions.S3a._native.native_decide.ax_1,
 ShannonBounds.Substitutions.S3a._native.native_decide.ax_2,
 ShannonBounds.Substitutions.S3e._native.native_decide.ax_1,
 ShannonBounds.Substitutions.S3e._native.native_decide.ax_2,
 ShannonBounds.Substitutions.S3f._native.native_decide.ax_1,
 ShannonBounds.Substitutions.S3f._native.native_decide.ax_2,
 ShannonBounds.Substitutions.S3g._native.native_decide.ax_1,
 ShannonBounds.Substitutions.S3g._native.native_decide.ax_2,
 ShannonBounds.TerminalCodes.K4b._native.native_decide.ax_1]
info: ShannonBounds/CapCertC19c.lean:94:0: 'ShannonBounds.CapCertC19c.tight' depends on axioms: [propext,
 ShannonBounds.CapCertC19c.tight._native.native_decide.ax_1_1,
 ShannonBounds.CapCertC19c.tight._native.native_decide.ax_1_2]
Build completed successfully (2058 jobs).
